<html>
<body>
<pre>
<h1>µVision Build Log</h1>
<h2>Tool Versions:</h2>
IDE-Version: µVision V5.43.1.0
Copyright (C) 2025 ARM Ltd and ARM Germany GmbH. All rights reserved.
License Information: Khanh Nguyen, San Jose State University, LIC=----
 
Tool Versions:
Toolchain:       MDK-Lite  Version: 5.43.0.0
Toolchain Path:  C:\Users\minhk\AppData\Local\Keil_v5\ARM\Arm_Compiler_5.06u7\Bin
C Compiler:      Armcc.exe V5.06 update 7 (build 960)
Assembler:       Armasm.exe V5.06 update 7 (build 960)
Linker/Locator:  ArmLink.exe V5.06 update 7 (build 960)
Library Manager: ArmAr.exe V5.06 update 7 (build 960)
Hex Converter:   FromElf.exe V5.06 update 7 (build 960)
CPU DLL:         SARMCM3.DLL V5.43.0.0
Dialog DLL:      DARMCM1.DLL V1.19.6.0
Target DLL:      UL2CM3.DLL V1.164.16.0
Dialog DLL:      TARMCM1.DLL V1.14.6.0
 
<h2>Project:</h2>
C:\Users\minhk\OneDrive\Desktop\SJSU\EE 277A\Project Game\ee277a_project\keil\code.uvprojx
Project File Date:  05/04/2026

<h2>Output:</h2>
*** Using Compiler 'V5.06 update 7 (build 960)', folder: 'C:\Users\minhk\AppData\Local\Keil_v5\ARM\Arm_Compiler_5.06u7\Bin'
Build target 'Target 1'
compiling main.c...
Application\main.c(132): warning:  #223-D: function "draw_boat" declared implicitly
  	draw_boat(player.x, player.y, player.width, player.height, BROWN_LIGHT);
Application\main.c(281): warning:  #223-D: function "clear_boat" declared implicitly
  		clear_boat(player.x, player.y, player.width, player.height, background_color);
Application\main.c(285): warning:  #223-D: function "clear_boat" declared implicitly
  		clear_boat(player.x, player.y, player.width, player.height, background_color);
Application\main.c(289): warning:  #223-D: function "clear_boat" declared implicitly
  		clear_boat(player.x, player.y, player.width, player.height, background_color);
Application\main.c(293): warning:  #223-D: function "clear_boat" declared implicitly
  		clear_boat(player.x, player.y, player.width, player.height, background_color);
Application\main.c(324): warning:  #223-D: function "draw_boat" declared implicitly
  	draw_boat(player.x, player.y, player.width, player.height, BROWN_LIGHT);
Application\main.c(402): warning:  #223-D: function "boat_hit_cannonball" declared implicitly
  							boat_hit_cannonball(
Application\main.c(337): warning:  #177-D: variable "overlap"  was declared but never referenced
  	int overlap;
Application\main.c(34): warning:  #550-D: variable "player_has_moved"  was set but never used
  static int player_has_moved;
Application\main.c: 9 warnings, 0 errors
linking...
Program Size: Code=5560 RO-data=144 RW-data=104 ZI-data=2384  
FromELF: creating hex file...
After Build - User command #1: fromelf -bin code.axf -o code.bin
Warning: Q3910W: Old syntax, please use '--bin'.
Finished: 0 information, 1 warning and 0 error messages.
After Build - User command #2: fromelf -cvf code.axf --vhx --32x1 -o code.hex
".\code.axf" - 0 Error(s), 9 Warning(s).

<h2>Software Packages used:</h2>

Package Vendor: ARM
                https://www.keil.com/pack/ARM.CMSIS.6.3.0.pack
                ARM::CMSIS@6.3.0
                CMSIS (Common Microcontroller Software Interface Standard)
   * Component: CORE Version: 6.2.0

Package Vendor: ARM
                https://www.keil.com/pack/ARM.Cortex_DFP.1.1.0.pack
                ARM::Cortex_DFP@1.1.0
                ARM Cortex Reference Subsystems Device Family Pack

<h2>Collection of Component include folders:</h2>
  ./RTE/_Target_1
  C:/Users/minhk/AppData/Local/Arm/Packs/ARM/CMSIS/6.3.0/CMSIS/Core/Include
  C:/Users/minhk/AppData/Local/Arm/Packs/ARM/Cortex_DFP/1.1.0/Device/ARMCM0/Include

<h2>Collection of Component Files used:</h2>

   * Component: ARM::CMSIS:CORE@6.2.0
Build Time Elapsed:  00:00:01
</pre>
</body>
</html>
